// Jest Snapshot v1, https://goo.gl/fbAQLP

exports[`Loading snapshot 1`] = `
<DocumentFragment>
  <div
    class="flex h-full w-full items-center justify-center"
  >
    <svg
      class="h-[60px] w-[60px] animate-circular-rotate"
    >
      <circle
        class="fill-none stroke-comic-accent [stroke-dasharray:1.25_250] [stroke-dashoffset:0] [stroke-linecap:round] [stroke-miterlimit:20] [stroke-width:4] animate-circular-dash"
        cx="30"
        cy="30"
        r="25"
      />
    </svg>
  </div>
</DocumentFragment>
`;
