// Jest Snapshot v1, https://goo.gl/fbAQLP

exports[`popup state integration hydrates popup state from storage 1`] = `
{
  "popup": {
    "activeAction": null,
    "exportFilename": "",
    "exportUrl": "",
    "hydrationStatus": "ready",
    "library": {
      "history": [
        "dm5:m123",
      ],
      "schemaVersion": 2,
      "seriesByKey": {
        "dm5:m123": {
          "chapterList": [
            "m1",
          ],
          "chapters": {
            "m1": {
              "href": "https://dm5.com/m1",
              "title": "Ch 1",
            },
          },
          "comicsID": "m123",
          "cover": "cover.jpg",
          "lastRead": "m1",
          "read": [
            "m1",
          ],
          "site": "dm5",
          "title": "Demo",
          "url": "https://www.dm5.com/m123/",
        },
      },
      "subscriptions": [
        "dm5:m123",
      ],
      "updates": [
        {
          "chapterID": "m1",
          "createdAt": 1,
          "seriesKey": "dm5:m123",
        },
      ],
      "version": "0.0.0",
    },
    "notice": null,
  },
}
`;
