// Jest Snapshot v1, https://goo.gl/fbAQLP

exports[`Loading snapshot 1`] = `
<DocumentFragment>
  <div
    class="reader-loading"
  >
    <svg
      aria-hidden="true"
      class="h-[44px] w-[44px] animate-circular-rotate"
    >
      <circle
        class="fill-none stroke-comic-accent [stroke-dasharray:1.25_250] [stroke-dashoffset:0] [stroke-linecap:round] [stroke-miterlimit:20] [stroke-width:4] animate-circular-dash"
        cx="22"
        cy="22"
        r="18"
      />
    </svg>
    <p
      class="text-sm font-medium text-comic-ink/45"
    >
      載入中...
    </p>
  </div>
</DocumentFragment>
`;
